============================
testing function say_my_name
============================

this is a doctest for the funtion above to test different case to see how the function handles it
-------------------------------------------------------------------------------------------------
-------------------------------------------------------------------------------------------------
>>> say_my_name = __import__('3-say_my_name').say_my_name

====testing for two strings====
>>> say_my_name("John", "Walker")
My name is John Walker

====testing for one string====
>>> say_my_name("John")
My name is John 

====testing for no arguments====
>>> say_my_name()
Traceback (most recent call last):
    ...
TypeError: say_my_name() missing 1 required positional argument: 'first_name'

====testing for different types====
>>> say_my_name(12)
Traceback (most recent call last):
    ...
TypeError: first_name must be a string

>>> say_my_name(True)
Traceback (most recent call last):
    ...
TypeError: first_name must be a string

>>> say_my_name([1,2,3])
Traceback (most recent call last):
    ...
TypeError: first_name must be a string

>>> say_my_name("John", 12)
Traceback (most recent call last):
    ...
TypeError: last_name must be a string
